{
    "Samplesheet - YML file - RNASEQ TEST": {
        "content": [
            {
                "0": [
                    [
                        {
                            "id": "test_yml"
                        },
                        "pheno_table.csv:md5,4969fce19ad1ea5b3cf124f4dcc6a403"
                    ]
                ],
                "1": [
                    [
                        {
                            "id": "test_yml"
                        },
                        "designs.json:md5,eb5b1a01da5d16b578f50d9bd7853ca0"
                    ]
                ],
                "2": [
                    
                ],
                "3": [
                    "versions.yml:md5,bf359bcdd07f0bcc0a2c494ce2823950"
                ],
                "designs": [
                    [
                        {
                            "id": "test_yml"
                        },
                        "designs.json:md5,eb5b1a01da5d16b578f50d9bd7853ca0"
                    ]
                ],
                "pheno_table": [
                    [
                        {
                            "id": "test_yml"
                        },
                        "pheno_table.csv:md5,4969fce19ad1ea5b3cf124f4dcc6a403"
                    ]
                ],
                "versions": [
                    "versions.yml:md5,bf359bcdd07f0bcc0a2c494ce2823950"
                ],
                "warnings": [
                    
                ]
            }
        ],
        "meta": {
            "nf-test": "0.9.2",
            "nextflow": "24.10.3"
        },
        "timestamp": "2024-12-19T16:59:52.146249557"
    }
}